ASxxxx Linker V03.00 + NoICE + sdld,  page 1.
Hexadecimal  [32-Bits]

Area                                    Addr        Size        Decimal Bytes (Attributes)
--------------------------------        ----        ----        ------- ----- ------------
CABS                                00000000    00000000 =           0. bytes (ABS,CON,CODE)

      Value  Global                              Global Defined In Module
      -----  --------------------------------   ------------------------
C:   00000000  l_BIT_BANK                      
C:   00000000  l_BSEG                          
C:   00000000  l_BSEG_BYTES                    
C:   00000000  l_CABS                          
C:   00000000  l_GSINIT                        
C:   00000000  l_GSINIT1                       
C:   00000000  l_GSINIT5                       
C:   00000000  l_IABS                          
C:   00000000  l_ISEG                          
C:   00000000  l_PSEG                          
C:   00000000  l_REG_BANK_1                    
C:   00000000  l_REG_BANK_2                    
C:   00000000  l_REG_BANK_3                    
C:   00000000  l_RSEG                          
C:   00000000  l_RSEG0                         
C:   00000000  l_RSEG1                         
C:   00000000  l_XABS                          
C:   00000000  l__CODE                         
C:   00000000  s_BSEG                          
C:   00000000  s_CABS                          
C:   00000000  s_DSEG                          
C:   00000000  s_IABS                          
C:   00000000  s_ISEG                          
C:   00000000  s_REG_BANK_0                    
C:   00000000  s_RSEG                          
C:   00000000  s_RSEG0                         
C:   00000000  s_RSEG1                         
C:   00000000  s_XABS                          
C:   00000001  s_PSEG                          
C:   00000001  s_XSEG                          
C:   00000003  l_GSFINAL                       
C:   00000003  l_GSINIT0                       
C:   00000004  l_OSEG                          
C:   00000008  l_REG_BANK_0                    
C:   00000008  s_REG_BANK_1                    
C:   0000000A  l_GSINIT2                       
C:   00000010  s_REG_BANK_2                    
C:   00000018  s_BIT_BANK                      
C:   00000018  s_OSEG                          
C:   00000018  s_REG_BANK_3                    
C:   0000001C  s_SSEG                          
C:   00000020  s_BSEG_BYTES                    
C:   00000020  s__CODE                         
C:   00000022  l_GSINIT3                       
C:   00000024  l_XINIT                         
C:   00000024  l_XISEG                         
C:   0000002A  l_GSINIT4                       
C:   0000003F  l_HOME                          
C:   00000080  l_DSEG                          
C:   00000094  l_XSEG                          
ASxxxx Linker V03.00 + NoICE + sdld,  page 2.
Hexadecimal  [32-Bits]

Area                                    Addr        Size        Decimal Bytes (Attributes)
--------------------------------        ----        ----        ------- ----- ------------
CABS                                00000000    00000000 =           0. bytes (ABS,CON,CODE)

      Value  Global                              Global Defined In Module
      -----  --------------------------------   ------------------------
C:   00000095  s_XISEG                         
C:   000000E4  l_SSEG                          
C:   00000100  l_IRAM                          
C:   000004D0  l_CONST                         
C:   00001DD4  l_CSEG                          
C:   00003000  s_HOME                          
C:   0000303F  s_GSINIT0                       
C:   00003042  s_GSINIT1                       
C:   00003042  s_GSINIT2                       
C:   0000304C  s_GSINIT3                       
C:   0000306E  s_GSINIT4                       
C:   00003098  s_GSFINAL                       
C:   00003098  s_GSINIT                        
C:   00003098  s_GSINIT5                       
C:   0000309B  s_CSEG                          
C:   00004E6F  s_CONST                         
C:   0000533F  s_XINIT                         

ASxxxx Linker V03.00 + NoICE + sdld,  page 3.
Hexadecimal  [32-Bits]

Area                                    Addr        Size        Decimal Bytes (Attributes)
--------------------------------        ----        ----        ------- ----- ------------
.  .ABS.                            00000000    00000000 =           0. bytes (ABS,CON)

      Value  Global                              Global Defined In Module
      -----  --------------------------------   ------------------------
     00000000  .__.ABS.                           _startup
     00000080  _P0                                Timer
     00000080  _P0_0                              Timer
     00000081  _P0_1                              Timer
     00000081  _SP                                Timer
     00000082  _DPL                               Timer
     00000082  _P0_2                              Timer
     00000083  _DPH                               Timer
     00000083  _P0_3                              Timer
     00000084  _P0_4                              Timer
     00000085  _P0_5                              Timer
     00000086  _P0_6                              Timer
     00000087  _P0_7                              Timer
     00000087  _PCON                              Timer
     00000088  _IT0                               Timer
     00000088  _TCON                              Timer
     00000089  _IE0                               Timer
     00000089  _TMOD                              Timer
     0000008A  _IT1                               Timer
     0000008A  _TL0                               Timer
     0000008B  _IE1                               Timer
     0000008B  _TL1                               Timer
     0000008C  _TH0                               Timer
     0000008C  _TR0                               Timer
     0000008D  _TF0                               Timer
     0000008D  _TH1                               Timer
     0000008E  _AUXR                              Timer
     0000008E  _TR1                               Timer
     0000008F  _CKCON0                            Timer
     0000008F  _TF1                               Timer
     00000090  _P1                                Timer
     00000090  _P1_0                              Timer
     00000091  _P1_1                              Timer
     00000092  _P1_2                              Timer
     00000093  _P1_3                              Timer
     00000094  _P1_4                              Timer
     00000095  _P1_5                              Timer
     00000096  _P1_6                              Timer
     00000097  _CKRL                              Timer
     00000097  _P1_7                              Timer
     00000098  _RI                                Timer
     00000098  _SCON                              Timer
     00000099  _SBUF                              Timer
     00000099  _TI                                Timer
     0000009A  _BRL                               Timer
     0000009A  _RB8                               Timer
     0000009B  _BDRCON                            Timer
     0000009B  _TB8                               Timer
     0000009C  _KBLS                              Timer
     0000009C  _REN                               Timer
ASxxxx Linker V03.00 + NoICE + sdld,  page 4.
Hexadecimal  [32-Bits]

Area                                    Addr        Size        Decimal Bytes (Attributes)
--------------------------------        ----        ----        ------- ----- ------------
.  .ABS.                            00000000    00000000 =           0. bytes (ABS,CON)

      Value  Global                              Global Defined In Module
      -----  --------------------------------   ------------------------
     0000009D  _KBE                               Timer
     0000009D  _SM2                               Timer
     0000009E  _KBF                               Timer
     0000009E  _SM1                               Timer
     0000009F  _SM0                               Timer
     000000A0  _P2                                Timer
     000000A0  _P2_0                              Timer
     000000A0  __XPAGE                            
     000000A1  _P2_1                              Timer
     000000A2  _AUXR1                             Timer
     000000A2  _P2_2                              Timer
     000000A3  _P2_3                              Timer
     000000A4  _P2_4                              Timer
     000000A5  _P2_5                              Timer
     000000A6  _P2_6                              Timer
     000000A6  _WDTRST                            Timer
     000000A7  _P2_7                              Timer
     000000A7  _WDTPRG                            Timer
     000000A8  _EX0                               Timer
     000000A8  _IE                                Timer
     000000A8  _IEN0                              Timer
     000000A9  _ET0                               Timer
     000000A9  _SADDR                             Timer
     000000AA  _EX1                               Timer
     000000AB  _ET1                               Timer
     000000AC  _ES                                Timer
     000000AD  _ET2                               Timer
     000000AE  _EC                                Timer
     000000AF  _CKCON1                            Timer
     000000AF  _EA                                Timer
     000000B0  _P3                                Timer
     000000B0  _P3_0                              Timer
     000000B0  _RXD                               Timer
     000000B1  _IEN1                              Timer
     000000B1  _P3_1                              Timer
     000000B1  _TXD                               Timer
     000000B2  _INT0                              Timer
     000000B2  _IPL1                              Timer
     000000B2  _P3_2                              Timer
     000000B3  _INT1                              Timer
     000000B3  _IPH1                              Timer
     000000B3  _P3_3                              Timer
     000000B4  _P3_4                              Timer
     000000B4  _T0                                Timer
     000000B5  _P3_5                              Timer
     000000B5  _T1                                Timer
     000000B6  _P3_6                              Timer
     000000B6  _WR                                Timer
     000000B7  _IPH0                              Timer
     000000B7  _P3_7                              Timer
     000000B7  _RD                                Timer
ASxxxx Linker V03.00 + NoICE + sdld,  page 5.
Hexadecimal  [32-Bits]

Area                                    Addr        Size        Decimal Bytes (Attributes)
--------------------------------        ----        ----        ------- ----- ------------
.  .ABS.                            00000000    00000000 =           0. bytes (ABS,CON)

      Value  Global                              Global Defined In Module
      -----  --------------------------------   ------------------------
     000000B8  _IP                                Timer
     000000B8  _IPL0                              Timer
     000000B8  _PX0                               Timer
     000000B8  _PX0L                              Timer
     000000B9  _PT0                               Timer
     000000B9  _PT0L                              Timer
     000000B9  _SADEN                             Timer
     000000BA  _PX1                               Timer
     000000BA  _PX1L                              Timer
     000000BB  _PT1                               Timer
     000000BB  _PT1L                              Timer
     000000BC  _PS                                Timer
     000000BC  _PSL                               Timer
     000000BD  _PT2                               Timer
     000000BD  _PT2L                              Timer
     000000BE  _PPCL                              Timer
     000000C0  _P4                                Timer
     000000C0  _P4_0                              Timer
     000000C1  _P4_1                              Timer
     000000C2  _P4_2                              Timer
     000000C3  _P4_3                              Timer
     000000C3  _SPCON                             Timer
     000000C4  _P4_4                              Timer
     000000C4  _SPSTA                             Timer
     000000C5  _P4_5                              Timer
     000000C5  _SPDAT                             Timer
     000000C6  _P4_6                              Timer
     000000C7  _P4_7                              Timer
     000000C8  _CP_RL2                            Timer
     000000C8  _T2CON                             Timer
     000000C8  _T2CON_0                           Timer
     000000C9  _C_T2                              Timer
     000000C9  _T2CON_1                           Timer
     000000C9  _T2MOD                             Timer
     000000CA  _RCAP2L                            Timer
     000000CA  _T2CON_2                           Timer
     000000CA  _TR2                               Timer
     000000CB  _EXEN2                             Timer
     000000CB  _RCAP2H                            Timer
     000000CB  _T2CON_3                           Timer
     000000CC  _T2CON_4                           Timer
     000000CC  _TCLK                              Timer
     000000CC  _TL2                               Timer
     000000CD  _RCLK                              Timer
     000000CD  _T2CON_5                           Timer
     000000CD  _TH2                               Timer
     000000CE  _EXF2                              Timer
     000000CE  _T2CON_6                           Timer
     000000CF  _T2CON_7                           Timer
     000000CF  _TF2                               Timer
     000000D0  _P                                 Timer
ASxxxx Linker V03.00 + NoICE + sdld,  page 6.
Hexadecimal  [32-Bits]

Area                                    Addr        Size        Decimal Bytes (Attributes)
--------------------------------        ----        ----        ------- ----- ------------
.  .ABS.                            00000000    00000000 =           0. bytes (ABS,CON)

      Value  Global                              Global Defined In Module
      -----  --------------------------------   ------------------------
     000000D0  _PSW                               Timer
     000000D1  _F1                                Timer
     000000D2  _EECON                             Timer
     000000D2  _OV                                Timer
     000000D3  _RS0                               Timer
     000000D4  _RS1                               Timer
     000000D5  _F0                                Timer
     000000D6  _AC                                Timer
     000000D7  _CY                                Timer
     000000D8  _CCF0                              Timer
     000000D8  _CCON                              Timer
     000000D9  _CCF1                              Timer
     000000D9  _CMOD                              Timer
     000000DA  _CCAPM0                            Timer
     000000DA  _CCF2                              Timer
     000000DB  _CCAPM1                            Timer
     000000DB  _CCF3                              Timer
     000000DC  _CCAPM2                            Timer
     000000DC  _CCF4                              Timer
     000000DD  _CCAPM3                            Timer
     000000DE  _CCAPM4                            Timer
     000000DE  _CR                                Timer
     000000DF  _CF                                Timer
     000000E0  _ACC                               Timer
     000000E8  _P5                                Timer
     000000E8  _P5_0                              Timer
     000000E9  _CL                                Timer
     000000E9  _P5_1                              Timer
     000000EA  _CCAP0L                            Timer
     000000EA  _P5_2                              Timer
     000000EB  _CCAP1L                            Timer
     000000EB  _P5_3                              Timer
     000000EC  _CCAP2L                            Timer
     000000EC  _P5_4                              Timer
     000000ED  _CCAP3L                            Timer
     000000ED  _P5_5                              Timer
     000000EE  _CCAP4L                            Timer
     000000EE  _P5_6                              Timer
     000000EF  _P5_7                              Timer
     000000F0  _B                                 Timer
     000000F5  _B_5                               _gptrget
     000000F6  _B_6                               _gptrget
     000000F7  _B_7                               _gptrget
     000000F9  _CH                                Timer
     000000FA  _CCAP0H                            Timer
     000000FB  _CCAP1H                            Timer
     000000FC  _CCAP2H                            Timer
     000000FD  _CCAP3H                            Timer
     000000FE  _CCAP4H                            Timer
     0000F000  _instruction_reg_write             Timer
     0000F100  _data_register_write               Timer
ASxxxx Linker V03.00 + NoICE + sdld,  page 7.
Hexadecimal  [32-Bits]

Area                                    Addr        Size        Decimal Bytes (Attributes)
--------------------------------        ----        ----        ------- ----- ------------
.  .ABS.                            00000000    00000000 =           0. bytes (ABS,CON)

      Value  Global                              Global Defined In Module
      -----  --------------------------------   ------------------------
     0000F200  _busy_flag_read                    Timer
     0000F300  _data_register_read                Timer

ASxxxx Linker V03.00 + NoICE + sdld,  page 8.
Hexadecimal  [32-Bits]

Area                                    Addr        Size        Decimal Bytes (Attributes)
--------------------------------        ----        ----        ------- ----- ------------
REG_BANK_0                          00000000    00000008 =           8. bytes (REL,OVR)

      Value  Global                              Global Defined In Module
      -----  --------------------------------   ------------------------
ASxxxx Linker V03.00 + NoICE + sdld,  page 9.
Hexadecimal  [32-Bits]

Area                                    Addr        Size        Decimal Bytes (Attributes)
--------------------------------        ----        ----        ------- ----- ------------
DSEG                                00000000    00000080 =         128. bytes (REL,CON)

      Value  Global                              Global Defined In Module
      -----  --------------------------------   ------------------------
     00000017  _bp                                _bp

ASxxxx Linker V03.00 + NoICE + sdld,  page 10.
Hexadecimal  [32-Bits]

Area                                    Addr        Size        Decimal Bytes (Attributes)
--------------------------------        ----        ----        ------- ----- ------------
OSEG                                00000018    00000004 =           4. bytes (REL,OVR)

      Value  Global                              Global Defined In Module
      -----  --------------------------------   ------------------------
ASxxxx Linker V03.00 + NoICE + sdld,  page 11.
Hexadecimal  [32-Bits]

Area                                    Addr        Size        Decimal Bytes (Attributes)
--------------------------------        ----        ----        ------- ----- ------------
SSEG                                0000001C    000000E4 =         228. bytes (REL,OVR)

      Value  Global                              Global Defined In Module
      -----  --------------------------------   ------------------------
     0000001C  __start__stack                     main

ASxxxx Linker V03.00 + NoICE + sdld,  page 12.
Hexadecimal  [32-Bits]

Area                                    Addr        Size        Decimal Bytes (Attributes)
--------------------------------        ----        ----        ------- ----- ------------
XSEG                                00000001    00000094 =         148. bytes (REL,CON,XDATA)

      Value  Global                              Global Defined In Module
      -----  --------------------------------   ------------------------
D:   00000006  _lcdgotoxy_PARM_2                  LCD
D:   0000001E  _DisplayTimeToLCD_PARM_2           Timer
D:   00000020  _DisplayTimeToLCD_PARM_3           Timer
D:   00000022  _DisplayTimeToLCD_PARM_4           Timer
D:   00000030  __divuint_PARM_2                   _divuint
D:   00000037  __modulong_PARM_2                  _modulong
D:   00000040  __divulong_PARM_2                  _divulong
D:   0000004D  _strtol_PARM_2                     strtol
D:   00000050  _strtol_PARM_3                     strtol
D:   00000067  __gptrput_PARM_2                   _gptrput
D:   00000068  __mulint_PARM_2                    _mulint
D:   0000006D  _strtoul_PARM_2                    strtoul
D:   00000070  _strtoul_PARM_3                    strtoul
D:   00000082  __moduint_PARM_2                   _moduint
D:   00000087  _strncmp_PARM_2                    _strncmp
D:   0000008A  _strncmp_PARM_3                    _strncmp
D:   0000008F  __mullong_PARM_2                   _mullong
D:   00000093  _errno                             errno
ASxxxx Linker V03.00 + NoICE + sdld,  page 13.
Hexadecimal  [32-Bits]

Area                                    Addr        Size        Decimal Bytes (Attributes)
--------------------------------        ----        ----        ------- ----- ------------
XISEG                               00000095    00000024 =          36. bytes (REL,CON,XDATA)

      Value  Global                              Global Defined In Module
      -----  --------------------------------   ------------------------
D:   00000095  _ch                                LCD
D:   00000096  _row2                              LCD
D:   00000097  _column2                           LCD
D:   00000098  _string                            LCD
D:   0000009B  _address1                          LCD
D:   0000009C  _input                             LCD
D:   0000009D  _count                             LCD
D:   0000009E  _row                               LCD
D:   0000009F  _column                            LCD
D:   000000A0  _mili                              Timer
D:   000000A4  _mili_value                        Timer
D:   000000A8  _second_value                      Timer
D:   000000AC  _seconds                           Timer
D:   000000B0  _minutes                           Timer
D:   000000B4  _minu                              Timer
D:   000000B8  _hours                             Timer

ASxxxx Linker V03.00 + NoICE + sdld,  page 14.
Hexadecimal  [32-Bits]

Area                                    Addr        Size        Decimal Bytes (Attributes)
--------------------------------        ----        ----        ------- ----- ------------
HOME                                00003000    0000003F =          63. bytes (REL,CON,CODE)

      Value  Global                              Global Defined In Module
      -----  --------------------------------   ------------------------
C:   0000300E  __sdcc_program_startup             main
C:   00003011  ___gptr_cmp                        

ASxxxx Linker V03.00 + NoICE + sdld,  page 15.
Hexadecimal  [32-Bits]

Area                                    Addr        Size        Decimal Bytes (Attributes)
--------------------------------        ----        ----        ------- ----- ------------
GSINIT0                             0000303F    00000003 =           3. bytes (REL,CON,CODE)

      Value  Global                              Global Defined In Module
      -----  --------------------------------   ------------------------
C:   0000303F  __sdcc_gsinit_startup              

ASxxxx Linker V03.00 + NoICE + sdld,  page 16.
Hexadecimal  [32-Bits]

Area                                    Addr        Size        Decimal Bytes (Attributes)
--------------------------------        ----        ----        ------- ----- ------------
GSINIT2                             00003042    0000000A =          10. bytes (REL,CON,CODE)

      Value  Global                              Global Defined In Module
      -----  --------------------------------   ------------------------
ASxxxx Linker V03.00 + NoICE + sdld,  page 17.
Hexadecimal  [32-Bits]

Area                                    Addr        Size        Decimal Bytes (Attributes)
--------------------------------        ----        ----        ------- ----- ------------
GSINIT3                             0000304C    00000022 =          34. bytes (REL,CON,CODE)

      Value  Global                              Global Defined In Module
      -----  --------------------------------   ------------------------
C:   0000304C  __mcs51_genXINIT                   

ASxxxx Linker V03.00 + NoICE + sdld,  page 18.
Hexadecimal  [32-Bits]

Area                                    Addr        Size        Decimal Bytes (Attributes)
--------------------------------        ----        ----        ------- ----- ------------
GSINIT4                             0000306E    0000002A =          42. bytes (REL,CON,CODE)

      Value  Global                              Global Defined In Module
      -----  --------------------------------   ------------------------
C:   0000306E  __mcs51_genRAMCLEAR                
C:   00003074  __mcs51_genXRAMCLEAR               

ASxxxx Linker V03.00 + NoICE + sdld,  page 19.
Hexadecimal  [32-Bits]

Area                                    Addr        Size        Decimal Bytes (Attributes)
--------------------------------        ----        ----        ------- ----- ------------
GSFINAL                             00003098    00000003 =           3. bytes (REL,CON,CODE)

      Value  Global                              Global Defined In Module
      -----  --------------------------------   ------------------------
ASxxxx Linker V03.00 + NoICE + sdld,  page 20.
Hexadecimal  [32-Bits]

Area                                    Addr        Size        Decimal Bytes (Attributes)
--------------------------------        ----        ----        ------- ----- ------------
CSEG                                0000309B    00001DD4 =        7636. bytes (REL,CON,CODE)

      Value  Global                              Global Defined In Module
      -----  --------------------------------   ------------------------
C:   0000309B  _delay                             LCD
C:   000030F3  _lcdbusywait                       LCD
C:   000030FB  _lcdinit                           LCD
C:   00003156  _lcd_clear_screen                  LCD
C:   0000315D  _lcdgotoaddr                       LCD
C:   00003169  _lcdgotoxy                         LCD
C:   000031E5  _lcdputch                          LCD
C:   000031FC  _lcdputstr                         LCD
C:   000032C2  _getdata                           main
C:   000032D2  _getrow                            main
C:   00003313  _getcol                            main
C:   00003325  _getadd                            main
C:   0000342A  _main                              main
C:   00003BE7  _putchar                           main
C:   00003C04  _getchar                           main
C:   00003C22  _InitTimer0                        Timer
C:   00003C47  _Timer0_ISR                        Timer
C:   00003C9A  _timer                             Timer
C:   00003E70  _DisplayTimeToLCD                  Timer
C:   00003FFC  __divuint                          _divuint
C:   00004089  __modulong                         _modulong
C:   000041C9  __divulong                         _divulong
C:   000042BD  _strtol                            strtol
C:   000044EA  _atoi                              atoi
C:   0000460A  _gets                              gets
C:   000046F4  __gptrput                          _gptrput
C:   0000470F  _printf_tiny                       printf_tiny
C:   00004818  __mulint                           _mulint
C:   0000489D  _strtoul                           strtoul
C:   00004C81  __moduint                          _moduint
C:   00004D2D  _strncmp                           _strncmp
C:   00004DE3  __gptrget                          _gptrget
C:   00004DFF  __mullong                          _mullong
C:   00004DFF  __mullong_dummy                    _mullong
C:   00004E6B  __sdcc_external_startup            _startup

ASxxxx Linker V03.00 + NoICE + sdld,  page 21.
Hexadecimal  [32-Bits]

Area                                    Addr        Size        Decimal Bytes (Attributes)
--------------------------------        ----        ----        ------- ----- ------------
CONST                               00004E6F    000004D0 =        1232. bytes (REL,CON,CODE)

      Value  Global                              Global Defined In Module
      -----  --------------------------------   ------------------------
ASxxxx Linker V03.00 + NoICE + sdld,  page 22.
Hexadecimal  [32-Bits]

Area                                    Addr        Size        Decimal Bytes (Attributes)
--------------------------------        ----        ----        ------- ----- ------------
XINIT                               0000533F    00000024 =          36. bytes (REL,CON,CODE)

      Value  Global                              Global Defined In Module
      -----  --------------------------------   ------------------------
ASxxxx Linker V03.00 + NoICE + sdld,  page 23.

Files Linked                              [ module(s) ]

obj\Release\LCD.rel                       [  ]
obj\Release\main.rel                      [  ]
obj\Release\Timer.rel                     [  ]


Libraries Linked                          [ object file ]

C:\Users\harsh\Desktop\CUB\ESD\bin\..\lib\large/libint.lib
                                          [ _divuint.rel ]
C:\Users\harsh\Desktop\CUB\ESD\bin\..\lib\large/liblong.lib
                                          [ _modulong.rel ]
C:\Users\harsh\Desktop\CUB\ESD\bin\..\lib\large/liblong.lib
                                          [ _divulong.rel ]
C:\Users\harsh\Desktop\CUB\ESD\bin\..\lib\large/libsdcc.lib
                                          [ strtol.rel ]
C:\Users\harsh\Desktop\CUB\ESD\bin\..\lib\large/mcs51.lib
                                          [ crtclear.rel ]
C:\Users\harsh\Desktop\CUB\ESD\bin\..\lib\large/libsdcc.lib
                                          [ atoi.rel ]
C:\Users\harsh\Desktop\CUB\ESD\bin\..\lib\large/mcs51.lib
                                          [ crtxinit.rel ]
C:\Users\harsh\Desktop\CUB\ESD\bin\..\lib\large/libsdcc.lib
                                          [ gets.rel ]
C:\Users\harsh\Desktop\CUB\ESD\bin\..\lib\large/libsdcc.lib
                                          [ _gptrput.rel ]
C:\Users\harsh\Desktop\CUB\ESD\bin\..\lib\large/libsdcc.lib
                                          [ printf_tiny.rel ]
C:\Users\harsh\Desktop\CUB\ESD\bin\..\lib\large/libint.lib
                                          [ _mulint.rel ]
C:\Users\harsh\Desktop\CUB\ESD\bin\..\lib\large/libsdcc.lib
                                          [ strtoul.rel ]
C:\Users\harsh\Desktop\CUB\ESD\bin\..\lib\large/libint.lib
                                          [ _moduint.rel ]
C:\Users\harsh\Desktop\CUB\ESD\bin\..\lib\large/mcs51.lib
                                          [ crtxclear.rel ]
C:\Users\harsh\Desktop\CUB\ESD\bin\..\lib\large/libsdcc.lib
                                          [ _strncmp.rel ]
C:\Users\harsh\Desktop\CUB\ESD\bin\..\lib\large/libsdcc.lib
                                          [ _bp.rel ]
C:\Users\harsh\Desktop\CUB\ESD\bin\..\lib\large/mcs51.lib
                                          [ crtpagesfr.rel ]
C:\Users\harsh\Desktop\CUB\ESD\bin\..\lib\large/mcs51.lib
                                          [ gptr_cmp.rel ]
C:\Users\harsh\Desktop\CUB\ESD\bin\..\lib\large/mcs51.lib
                                          [ crtstart.rel ]
C:\Users\harsh\Desktop\CUB\ESD\bin\..\lib\large/libsdcc.lib
                                          [ _gptrget.rel ]
C:\Users\harsh\Desktop\CUB\ESD\bin\..\lib\large/liblong.lib
                                          [ _mullong.rel ]
C:\Users\harsh\Desktop\CUB\ESD\bin\..\lib\large/libfloat.lib
                                          [ errno.rel ]
C:\Users\harsh\Desktop\CUB\ESD\bin\..\lib\large/libsdcc.lib
                                          [ _startup.rel ]

ASxxxx Linker V03.00 + NoICE + sdld,  page 24.

User Base Address Definitions

HOME = 0x3000
XSEG = 0x0001
PSEG = 0x0001
ISEG = 0x0000
BSEG = 0x0000

